d:\arabiccompiler\arabiccompiler\arabiccompiler.native\x64\release\arabiccompiler.native.pch
d:\arabiccompiler\arabiccompiler\arabiccompiler.native\x64\release\vc143.pdb
d:\arabiccompiler\arabiccompiler\arabiccompiler.native\x64\release\pch.obj
d:\arabiccompiler\arabiccompiler\arabiccompiler.native\x64\release\parser.tab.obj
d:\arabiccompiler\arabiccompiler\arabiccompiler.native\x64\release\dllmain.obj
d:\arabiccompiler\arabiccompiler\arabiccompiler.native\x64\release\compiler_api.obj
d:\arabiccompiler\arabiccompiler\arabiccompiler.native\x64\release\lex.yy.obj
d:\arabiccompiler\arabiccompiler\x64\release\arabiccompiler.native.dll
d:\arabiccompiler\arabiccompiler\x64\release\arabiccompiler.native.pdb
d:\arabiccompiler\arabiccompiler\x64\release\arabiccompiler.native.lib
d:\arabiccompiler\arabiccompiler\x64\release\arabiccompiler.native.exp
d:\arabiccompiler\arabiccompiler\arabiccompiler.native\x64\release\arabiccompiler.native.ipdb
d:\arabiccompiler\arabiccompiler\arabiccompiler.native\x64\release\arabiccompiler.native.iobj
d:\arabiccompiler\arabiccompiler\arabiccompiler.native\x64\release\arabicco.e4f9fb3c.tlog\cl.command.1.tlog
d:\arabiccompiler\arabiccompiler\arabiccompiler.native\x64\release\arabicco.e4f9fb3c.tlog\cl.items.tlog
d:\arabiccompiler\arabiccompiler\arabiccompiler.native\x64\release\arabicco.e4f9fb3c.tlog\cl.read.1.tlog
d:\arabiccompiler\arabiccompiler\arabiccompiler.native\x64\release\arabicco.e4f9fb3c.tlog\cl.write.1.tlog
d:\arabiccompiler\arabiccompiler\arabiccompiler.native\x64\release\arabicco.e4f9fb3c.tlog\link.command.1.tlog
d:\arabiccompiler\arabiccompiler\arabiccompiler.native\x64\release\arabicco.e4f9fb3c.tlog\link.read.1.tlog
d:\arabiccompiler\arabiccompiler\arabiccompiler.native\x64\release\arabicco.e4f9fb3c.tlog\link.secondary.1.tlog
d:\arabiccompiler\arabiccompiler\arabiccompiler.native\x64\release\arabicco.e4f9fb3c.tlog\link.write.1.tlog
