c:\users\ro.has\desktop\com\arabiccompiler.native\x64\debug\arabiccompiler.native.lib
c:\users\ro.has\desktop\com\arabiccompiler.native\x64\debug\arabiccompiler.native.exp
c:\users\ro.has\desktop\com\arabiccompiler.native\x64\debug\arabiccompiler.native.pch
c:\users\ro.has\desktop\com\arabiccompiler.native\x64\debug\vc143.pdb
c:\users\ro.has\desktop\com\arabiccompiler.native\x64\debug\vc143.idb
c:\users\ro.has\desktop\com\arabiccompiler.native\x64\debug\pch.obj
c:\users\ro.has\desktop\com\arabiccompiler.native\x64\debug\parser.tab.obj
c:\users\ro.has\desktop\com\arabiccompiler.native\x64\debug\dllmain.obj
c:\users\ro.has\desktop\com\arabiccompiler.native\x64\debug\compiler_api.obj
c:\users\ro.has\desktop\com\arabiccompiler.native\x64\debug\lex.yy.obj
c:\users\ro.has\desktop\com\arabiccompiler.native\x64\debug\arabiccompiler.native.ilk
c:\users\ro.has\desktop\com\arabiccompiler.native\x64\debug\arabiccompiler.native.dll
c:\users\ro.has\desktop\com\arabiccompiler.native\x64\debug\arabiccompiler.native.pdb
c:\users\ro.has\desktop\com\arabiccompiler.native\x64\debug\arabicco.e4f9fb3c.tlog\arabiccompiler.native.write.1u.tlog
c:\users\ro.has\desktop\com\arabiccompiler.native\x64\debug\arabicco.e4f9fb3c.tlog\cl.command.1.tlog
c:\users\ro.has\desktop\com\arabiccompiler.native\x64\debug\arabicco.e4f9fb3c.tlog\cl.read.1.tlog
c:\users\ro.has\desktop\com\arabiccompiler.native\x64\debug\arabicco.e4f9fb3c.tlog\cl.write.1.tlog
c:\users\ro.has\desktop\com\arabiccompiler.native\x64\debug\arabicco.e4f9fb3c.tlog\link.command.1.tlog
c:\users\ro.has\desktop\com\arabiccompiler.native\x64\debug\arabicco.e4f9fb3c.tlog\link.read.1.tlog
c:\users\ro.has\desktop\com\arabiccompiler.native\x64\debug\arabicco.e4f9fb3c.tlog\link.write.1.tlog
